{
 "cells": [
  {
   "cell_type": "code",
   "execution_count": 1,
   "id": "bfe8adef-d861-4971-9d34-5bed2e376897",
   "metadata": {},
   "outputs": [],
   "source": [
    "# | default_exp preprocess.dataloader"
   ]
  },
  {
   "cell_type": "code",
   "execution_count": 2,
   "id": "dc73e725-bd0c-49b0-8a3f-6b6e64119b4a",
   "metadata": {},
   "outputs": [],
   "source": [
    "# | export\n",
    "\n",
    "import gc\n",
    "\n",
    "# from torch.serialization import safe_globals\n",
    "import os\n",
    "import pickle\n",
    "from pathlib import Path\n",
    "from typing import Optional\n",
    "\n",
    "import numpy as np\n",
    "import pandas as pd\n",
    "import pytorch_lightning as pl\n",
    "import torch\n",
    "from sklearn.preprocessing import MinMaxScaler, StandardScaler\n",
    "from torch.utils.data import DataLoader, Dataset"
   ]
  },
  {
   "cell_type": "code",
   "execution_count": 3,
   "id": "bb915ed2-dc81-4b68-bde7-8e45445be373",
   "metadata": {},
   "outputs": [],
   "source": [
    "# | export\n",
    "import logging\n",
    "import warnings\n",
    "\n",
    "# Configure logging\n",
    "logging.basicConfig(level=logging.ERROR)  # Change to DEBUG for more details\n",
    "\n",
    "logger = logging.getLogger(__name__)"
   ]
  },
  {
   "cell_type": "code",
   "execution_count": 4,
   "id": "914ef341-ee5b-4dae-a904-35841cb292a9",
   "metadata": {},
   "outputs": [],
   "source": [
    "# | hide\n",
    "\n",
    "\n",
    "from fastcore.test import test_eq\n",
    "from nbdev.showdoc import show_doc"
   ]
  },
  {
   "cell_type": "code",
   "execution_count": 7,
   "id": "c58f938c-14c5-4107-bf19-972d879d3807",
   "metadata": {},
   "outputs": [],
   "source": [
    "# | export\n",
    "device = \"cuda\" if torch.cuda.is_available() else \"cpu\"\n",
    "torch._dynamo.config.suppress_errors = True"
   ]
  },
  {
   "cell_type": "code",
   "execution_count": 8,
   "id": "2a4af791-855c-40b0-9835-992b7b225cc0",
   "metadata": {},
   "outputs": [],
   "source": [
    "# | export\n",
    "\n",
    "\n",
    "class TSRegressionDataset(Dataset):\n",
    "    def __init__(self, df, in_features, out_features, window=1):\n",
    "        super(TSRegressionDataset, self).__init__()\n",
    "\n",
    "        self.data = df\n",
    "        self.in_features = in_features\n",
    "        self.out_features = out_features\n",
    "        self.window = window\n",
    "\n",
    "        self.groups = {uid: group.reset_index(drop=True) for uid, group in df.groupby(\"unique_id\")}\n",
    "\n",
    "    def __len__(self):\n",
    "        assert self.in_features + self.out_features < len(\n",
    "            self.data\n",
    "        ), f\"in_features + out_features should not be greater than series len {self.data.shape[0]}\"\n",
    "\n",
    "        return sum(\n",
    "            [\n",
    "                (len(g) - (self.in_features + self.out_features)) // self.window + 1\n",
    "                for g in self.groups.values()\n",
    "            ]\n",
    "        )\n",
    "\n",
    "    def __getitem__(self, idx):\n",
    "\n",
    "        for uid, df in self.groups.items():\n",
    "            max_idx = (len(df) - (self.in_features + self.out_features)) // self.window + 1\n",
    "\n",
    "            if idx < max_idx:\n",
    "                start = idx * self.window\n",
    "                x = torch.tensor(\n",
    "                    df[\"y\"].iloc[start : start + self.in_features].values,\n",
    "                    dtype=torch.float32,  # device=torch.device(\"cuda\")\n",
    "                )\n",
    "                y = torch.tensor(\n",
    "                    df[\"y\"]\n",
    "                    .iloc[start + self.in_features : start + self.in_features + self.out_features]\n",
    "                    .values,\n",
    "                    dtype=torch.float32,  # device=torch.device(\"cuda\")\n",
    "                )\n",
    "                return x, y\n",
    "\n",
    "            idx -= max_idx"
   ]
  },
  {
   "cell_type": "code",
   "execution_count": 9,
   "id": "fc0712d0-9318-454a-89b8-ba2c0f4b957d",
   "metadata": {},
   "outputs": [],
   "source": [
    "# | export\n",
    "\n",
    "\n",
    "class TSDataLoader(pl.LightningDataModule):\n",
    "    def __init__(self, df, in_features, out_features, window=1, batch_size=32):\n",
    "        super(TSDataLoader, self).__init__()\n",
    "        self.data = df\n",
    "        self.in_features = in_features\n",
    "        self.out_features = out_features\n",
    "        self.window = window\n",
    "        self.batch_size = batch_size\n",
    "\n",
    "    def setup(self, stage=None):\n",
    "        assert list(self.data.columns) == [\n",
    "            \"unique_id\",\n",
    "            \"ds\",\n",
    "            \"y\",\n",
    "        ], \"Columns must be ['unique_id', 'ds', 'y']\"\n",
    "\n",
    "        self.data = self.data.sort_values([\"unique_id\", \"ds\"])\n",
    "\n",
    "        # Train / Val / Test Split (70/15/15)\n",
    "        train_sz = int(len(self.data) * 0.7)\n",
    "        val_sz = int(len(self.data) * 0.15)\n",
    "\n",
    "        self.train_df = self.data.iloc[:train_sz]\n",
    "        self.val_df = self.data.iloc[train_sz : train_sz + val_sz]\n",
    "        self.test_df = self.data.iloc[train_sz + val_sz :]\n",
    "\n",
    "        self.train = TSRegressionDataset(\n",
    "            self.train_df, self.in_features, self.out_features, self.window\n",
    "        )\n",
    "        self.val = TSRegressionDataset(\n",
    "            self.val_df, self.in_features, self.out_features, self.window\n",
    "        )\n",
    "        self.test = TSRegressionDataset(\n",
    "            self.test_df, self.in_features, self.out_features, self.window\n",
    "        )\n",
    "\n",
    "    def train_dataloader(self):\n",
    "        return DataLoader(\n",
    "            self.train,\n",
    "            batch_size=self.batch_size,\n",
    "            shuffle=True,\n",
    "            pin_memory=True,\n",
    "            num_workers=32,\n",
    "            persistent_workers=True,\n",
    "        )\n",
    "\n",
    "    def val_dataloader(self):\n",
    "        return DataLoader(\n",
    "            self.val,\n",
    "            batch_size=self.batch_size,\n",
    "            shuffle=False,\n",
    "            pin_memory=True,\n",
    "            num_workers=32,\n",
    "            persistent_workers=True,\n",
    "        )\n",
    "\n",
    "    def test_dataloader(self):\n",
    "        return DataLoader(\n",
    "            self.test,\n",
    "            batch_size=self.batch_size,\n",
    "            shuffle=False,\n",
    "            pin_memory=True,\n",
    "            num_workers=32,\n",
    "            persistent_workers=True,\n",
    "        )"
   ]
  },
  {
   "cell_type": "code",
   "execution_count": 10,
   "id": "8f6f31bd-3f43-4c3e-b758-a01bd4336713",
   "metadata": {},
   "outputs": [
    {
     "name": "stdout",
     "output_type": "stream",
     "text": [
      "torch.Size([32, 12]) torch.Size([32, 6])\n",
      "torch.Size([32, 12]) torch.Size([32, 6])\n",
      "torch.Size([19, 12]) torch.Size([19, 6])\n"
     ]
    }
   ],
   "source": [
    "if __name__ == \"__main__\":\n",
    "    from neuralforecast.utils import AirPassengersDF as df\n",
    "\n",
    "    in_features, out_features, window, batch_sz = 12, 6, 1, 32\n",
    "    ds = TSDataLoader(df, in_features, out_features, window, batch_sz)\n",
    "    ds.setup()\n",
    "    for features, labels in ds.train_dataloader():\n",
    "        print(features.shape, labels.shape)"
   ]
  },
  {
   "cell_type": "code",
   "execution_count": 5,
   "id": "be5763cf-c538-4cac-ac44-fee79c6e0e39",
   "metadata": {},
   "outputs": [],
   "source": [
    "# | export\n",
    "import gc\n",
    "import pickle\n",
    "from concurrent.futures import ThreadPoolExecutor\n",
    "from pathlib import Path\n",
    "\n",
    "import numpy as np\n",
    "import pandas as pd\n",
    "import pytorch_lightning as pl\n",
    "import torch\n",
    "from sklearn.preprocessing import MinMaxScaler, StandardScaler\n",
    "from torch.utils.data import DataLoader, Dataset\n",
    "from tqdm import tqdm\n",
    "\n",
    "\n",
    "class TSPreprocessor:\n",
    "    def __init__(\n",
    "        self,\n",
    "        df,\n",
    "        input_size,\n",
    "        horizon,\n",
    "        target_col=\"y\",\n",
    "        train_split=0.7,\n",
    "        val_split=0.15,\n",
    "        normalize=True,\n",
    "        scaler_type=\"minmax\",\n",
    "        split_type=\"horizontal\",\n",
    "        step_size=1,\n",
    "        cache_dir=\".\",\n",
    "        use_cache=True,\n",
    "        persist_scaler=False,\n",
    "        experiment_name=\"default_experiment\",\n",
    "        num_workers=4,\n",
    "    ):\n",
    "        logger.info(\"Initializing TSPreprocessor\")\n",
    "        self.df = df\n",
    "        self.input_size = input_size\n",
    "        self.horizon = horizon\n",
    "        self.target_col = target_col\n",
    "        self.train_split = train_split\n",
    "        self.val_split = val_split\n",
    "        self.normalize = normalize\n",
    "        self.scaler_type = scaler_type\n",
    "        self.split_type = split_type\n",
    "        self.step_size = step_size\n",
    "        self.cache_dir = Path(cache_dir) / experiment_name\n",
    "        self.cache_dir.mkdir(exist_ok=True, parents=True)\n",
    "        self.use_cache = use_cache\n",
    "        self.persist_scaler = persist_scaler\n",
    "        self.num_workers = num_workers\n",
    "        self.experiment_name = experiment_name\n",
    "\n",
    "        self.scaler_dir = self.cache_dir / \"scalers\"\n",
    "        self.scaler_dir.mkdir(exist_ok=True, parents=True)\n",
    "\n",
    "        if not 0 < train_split + val_split <= 1:\n",
    "            raise ValueError(\"train_split + val_split must be between 0 and 1\")\n",
    "        if step_size < 1:\n",
    "            raise ValueError(\"step_size must be >= 1\")\n",
    "\n",
    "        self.train_windows, self.val_windows, self.test_windows = self._process_data()\n",
    "\n",
    "        # ðŸ§¹ RAM Cleanup: Free original dataframe after processing\n",
    "        del self.df\n",
    "        gc.collect()\n",
    "\n",
    "    def _generate_windows(self, series):\n",
    "        series_len = len(series)\n",
    "        if series_len < self.input_size + self.horizon:\n",
    "            return []\n",
    "\n",
    "        max_idx = series_len - self.input_size - self.horizon + 1\n",
    "        if max_idx <= 0:\n",
    "            return []\n",
    "\n",
    "        window_starts = np.arange(0, max_idx, self.step_size, dtype=np.int32)\n",
    "        window_ends = window_starts + self.input_size\n",
    "        horizon_ends = window_ends + self.horizon\n",
    "\n",
    "        valid_windows = horizon_ends <= series_len\n",
    "        window_starts = window_starts[valid_windows]\n",
    "        window_ends = window_ends[valid_windows]\n",
    "        horizon_ends = horizon_ends[valid_windows]\n",
    "\n",
    "        x_windows = np.lib.stride_tricks.sliding_window_view(series, window_shape=self.input_size)[\n",
    "            window_starts\n",
    "        ]\n",
    "\n",
    "        y_windows = np.stack(\n",
    "            [\n",
    "                series[window_end:horizon_end]\n",
    "                for window_end, horizon_end in zip(window_ends, horizon_ends)\n",
    "            ]\n",
    "        )\n",
    "\n",
    "        return list(zip(x_windows, y_windows))\n",
    "\n",
    "    def _process_one_series(self, unique_id_group):\n",
    "        unique_id, group = unique_id_group\n",
    "        series = group[self.target_col].values.astype(np.float32)\n",
    "\n",
    "        if self.normalize:\n",
    "            scaler_file = self.scaler_dir / f\"{unique_id}_scaler.pkl\"\n",
    "            if self.persist_scaler and scaler_file.exists():\n",
    "                with open(scaler_file, \"rb\") as f:\n",
    "                    scaler = pickle.load(f)\n",
    "                series = scaler.transform(series.reshape(-1, 1)).flatten()\n",
    "            else:\n",
    "                scaler = MinMaxScaler() if self.scaler_type == \"minmax\" else StandardScaler()\n",
    "                series = scaler.fit_transform(series.reshape(-1, 1)).flatten()\n",
    "                if self.persist_scaler:\n",
    "                    with open(scaler_file, \"wb\") as f:\n",
    "                        pickle.dump(scaler, f)\n",
    "\n",
    "        windows = self._generate_windows(series)\n",
    "        del series\n",
    "        # gc.collect()\n",
    "\n",
    "        if not windows:\n",
    "            logger.warning(f\"[{unique_id}] Series too short to generate any windows\")\n",
    "            return [], [], [], unique_id\n",
    "\n",
    "        if self.split_type == \"horizontal\":\n",
    "            num_windows = len(windows)\n",
    "            train_end = int(num_windows * self.train_split)\n",
    "            val_end = train_end + int(num_windows * self.val_split)\n",
    "            return (windows[:train_end], windows[train_end:val_end], windows[val_end:], unique_id)\n",
    "        else:\n",
    "            return windows, [], [], unique_id\n",
    "\n",
    "    def _process_data(self):\n",
    "        logger.info(\"Processing data for all unique_ids\")\n",
    "        cache_file = self.cache_dir / \"preprocessed_windows.pt\"\n",
    "\n",
    "        if self.use_cache and cache_file.exists():\n",
    "            logger.info(\"Loading preprocessed windows from cache\")\n",
    "            with open(cache_file, \"rb\") as f:\n",
    "                data = pickle.load(f)\n",
    "            return (\n",
    "                np.array(data[\"train_windows\"], dtype=object),\n",
    "                np.array(data[\"val_windows\"], dtype=object),\n",
    "                np.array(data[\"test_windows\"], dtype=object),\n",
    "            )\n",
    "\n",
    "        grouped = list(self.df.groupby(\"unique_id\"))\n",
    "        train_windows, val_windows, test_windows = [], [], []\n",
    "\n",
    "        if self.split_type == \"vertical\":\n",
    "            logger.info(\"Applying vertical split\")\n",
    "            unique_ids = list(self.df[\"unique_id\"].unique())\n",
    "            np.random.shuffle(unique_ids)\n",
    "            total_series = len(unique_ids)\n",
    "            train_end = int(total_series * self.train_split)\n",
    "            val_end = train_end + int(total_series * self.val_split)\n",
    "\n",
    "            train_ids = unique_ids[:train_end]\n",
    "            val_ids = unique_ids[train_end:val_end]\n",
    "            test_ids = unique_ids[val_end:]\n",
    "\n",
    "        with ThreadPoolExecutor(max_workers=self.num_workers) as executor:\n",
    "            results = list(\n",
    "                tqdm(\n",
    "                    executor.map(self._process_one_series, grouped),\n",
    "                    total=len(grouped),\n",
    "                    desc=\"Processing series\",\n",
    "                )\n",
    "            )\n",
    "\n",
    "        for train_w, val_w, test_w, unique_id in results:\n",
    "            if self.split_type == \"horizontal\":\n",
    "                train_windows.extend(train_w)\n",
    "                val_windows.extend(val_w)\n",
    "                test_windows.extend(test_w)\n",
    "            else:\n",
    "                if unique_id in train_ids:\n",
    "                    train_windows.extend(train_w)\n",
    "                elif unique_id in val_ids:\n",
    "                    val_windows.extend(train_w)\n",
    "                elif unique_id in test_ids:\n",
    "                    test_windows.extend(train_w)\n",
    "\n",
    "        # âœ¨ Convert lists to numpy arrays\n",
    "        train_windows = np.array(train_windows, dtype=object)\n",
    "        val_windows = np.array(val_windows, dtype=object)\n",
    "        test_windows = np.array(test_windows, dtype=object)\n",
    "\n",
    "        if self.use_cache:\n",
    "            logger.info(\"Saving preprocessed windows to cache\")\n",
    "            with open(cache_file, \"wb\") as f:\n",
    "                pickle.dump(\n",
    "                    {\n",
    "                        \"train_windows\": train_windows,\n",
    "                        \"val_windows\": val_windows,\n",
    "                        \"test_windows\": test_windows,\n",
    "                    },\n",
    "                    f,\n",
    "                )\n",
    "\n",
    "        logger.info(\n",
    "            f\"Train windows: {len(train_windows)}, Val windows: {len(val_windows)}, Test windows: {len(test_windows)}\"\n",
    "        )\n",
    "        return train_windows, val_windows, test_windows\n",
    "\n",
    "    def inverse_transform(self, data, unique_id):\n",
    "        logger.info(f\"Inverse transforming data for unique_id: {unique_id}\")\n",
    "        scaler_file = self.scaler_dir / f\"{unique_id}_scaler.pkl\"\n",
    "        if scaler_file.exists():\n",
    "            with open(scaler_file, \"rb\") as f:\n",
    "                scaler = pickle.load(f)\n",
    "            return scaler.inverse_transform(data.reshape(-1, 1)).flatten()\n",
    "        logger.warning(f\"Scaler for {unique_id} not found. Returning original data.\")\n",
    "        return data\n",
    "\n",
    "    def pre_prediction_transform(self, series: np.ndarray, unique_id: str) -> np.ndarray:\n",
    "        scaler_file = self.scaler_dir / f\"{unique_id}_scaler.pkl\"\n",
    "        if scaler_file.exists():\n",
    "            with open(scaler_file, \"rb\") as f:\n",
    "                scaler = pickle.load(f)\n",
    "            return scaler.transform(series.reshape(-1, 1)).flatten()\n",
    "        logger.warning(f\"Scaler for {unique_id} not found. Returning original series.\")\n",
    "        return series\n",
    "\n",
    "    def post_prediction_transform(self, prediction: np.ndarray, unique_id: str) -> np.ndarray:\n",
    "        return self.inverse_transform(prediction, unique_id)"
   ]
  },
  {
   "cell_type": "code",
   "execution_count": 6,
   "id": "c1c9d456-7507-4b08-871c-93bab890416c",
   "metadata": {},
   "outputs": [],
   "source": [
    "# | export\n",
    "\n",
    "\n",
    "class UnivariateTSDataset(Dataset):\n",
    "    def __init__(self, windows, device: str = None):\n",
    "        logger.info(\"Initializing UnivariateTSDataset\")\n",
    "        self.x = np.stack([w[0] for w in windows], axis=0).astype(np.float32)\n",
    "        self.y = np.stack([w[1] for w in windows], axis=0).astype(np.float32)\n",
    "\n",
    "        self.device = device\n",
    "        if device:\n",
    "            logger.info(\"Preloading tensors to device: %s\", device)\n",
    "            self.x_tensor = torch.from_numpy(self.x).to(device)\n",
    "            self.y_tensor = torch.from_numpy(self.y).to(device)\n",
    "        else:\n",
    "            self.x_tensor = self.y_tensor = None\n",
    "\n",
    "    def __len__(self):\n",
    "        return len(self.x)\n",
    "\n",
    "    def __getitem__(self, idx):\n",
    "        if self.device:\n",
    "            return self.x_tensor[idx], self.y_tensor[idx]\n",
    "        else:\n",
    "            return torch.from_numpy(self.x[idx]), torch.from_numpy(self.y[idx])\n",
    "\n",
    "\n",
    "class UnivariateTSDataModule(pl.LightningDataModule):\n",
    "    def __init__(\n",
    "        self,\n",
    "        preprocessor: TSPreprocessor,\n",
    "        batch_size=32,\n",
    "        num_workers=8,\n",
    "        pin_memory=True,\n",
    "        prefetch_factor=2,\n",
    "        persistent_workers=True,\n",
    "        gpu_preload=False,\n",
    "        experiment_name=\"default_experiment\",\n",
    "    ):\n",
    "        logger.info(\"Initializing UnivariateTSDataModule\")\n",
    "        super().__init__()\n",
    "        self.save_hyperparameters(ignore=[\"preprocessor\"])\n",
    "        self.preprocessor = preprocessor\n",
    "        self.batch_size = batch_size\n",
    "        self.num_workers = min(num_workers, torch.get_num_threads())\n",
    "        self.pin_memory = pin_memory\n",
    "        self.prefetch_factor = prefetch_factor\n",
    "        self.persistent_workers = persistent_workers\n",
    "        self.gpu_preload = gpu_preload\n",
    "        self.device = torch.device(\"cuda\" if torch.cuda.is_available() else \"cpu\")\n",
    "        self.experiment_name = experiment_name\n",
    "\n",
    "    def setup(self, stage: str = None):\n",
    "        logger.info(f\"Setting up datamodule for stage: {stage}\")\n",
    "        if stage in (\"fit\", None):\n",
    "            self.train_dataset = UnivariateTSDataset(\n",
    "                self.preprocessor.train_windows, device=self.device if self.gpu_preload else None\n",
    "            )\n",
    "            self.val_dataset = UnivariateTSDataset(\n",
    "                self.preprocessor.val_windows, device=self.device if self.gpu_preload else None\n",
    "            )\n",
    "        if stage in (\"validate\", None):\n",
    "            self.val_dataset = UnivariateTSDataset(\n",
    "                self.preprocessor.val_windows, device=self.device if self.gpu_preload else None\n",
    "            )\n",
    "        if stage in (\"test\", None):\n",
    "            self.test_dataset = UnivariateTSDataset(\n",
    "                self.preprocessor.test_windows, device=self.device if self.gpu_preload else None\n",
    "            )\n",
    "\n",
    "    def _create_dataloader(self, dataset, shuffle=False):\n",
    "        logger.info(\"Creating dataloader\")\n",
    "        return DataLoader(\n",
    "            dataset,\n",
    "            batch_size=self.batch_size,\n",
    "            shuffle=shuffle,\n",
    "            num_workers=self.num_workers,\n",
    "            pin_memory=self.pin_memory and not self.gpu_preload,\n",
    "            prefetch_factor=self.prefetch_factor,\n",
    "            persistent_workers=self.persistent_workers,\n",
    "            drop_last=shuffle,\n",
    "        )\n",
    "\n",
    "    def train_dataloader(self):\n",
    "        logger.info(\"Getting train dataloader\")\n",
    "        return self._create_dataloader(self.train_dataset, shuffle=True)\n",
    "\n",
    "    def val_dataloader(self):\n",
    "        logger.info(\"Getting val dataloader\")\n",
    "        return self._create_dataloader(self.val_dataset)\n",
    "\n",
    "    def test_dataloader(self):\n",
    "        logger.info(\"Getting test dataloader\")\n",
    "        return self._create_dataloader(self.test_dataset)\n",
    "\n",
    "    def inverse_transform(self, data, unique_id):\n",
    "        return self.preprocessor.inverse_transform(data, unique_id)\n",
    "\n",
    "    def pre_prediction_transform(self, series: np.ndarray, unique_id: str) -> np.ndarray:\n",
    "        return self.preprocessor.pre_prediction_transform(series, unique_id)\n",
    "\n",
    "    def post_prediction_transform(self, prediction: np.ndarray, unique_id: str) -> np.ndarray:\n",
    "        return self.preprocessor.post_prediction_transform(prediction, unique_id)"
   ]
  },
  {
   "cell_type": "code",
   "execution_count": 7,
   "id": "0f802e1a-b6c4-434f-a874-dab5db19cc09",
   "metadata": {},
   "outputs": [
    {
     "name": "stderr",
     "output_type": "stream",
     "text": [
      "/home/pranav-pc/projects/ts/.venv/lib/python3.12/site-packages/datasetsforecast/m3.py:108: FutureWarning: 'M' is deprecated and will be removed in a future version, please use 'ME' instead.\n",
      "  freq = pd.tseries.frequencies.to_offset(class_group.freq)\n",
      "gc: collecting generation 0...\n",
      "gc: objects in each generation: 694 0 460730\n",
      "gc: objects in permanent generation: 375\n",
      "gc: collectable <CDLL 0x736ef4a19880>\n",
      "gc: collectable <tuple 0x736ef4fcc2b0>\n",
      "gc: collectable <StgDict 0x736ef5829f20>\n",
      "gc: collectable <_ctypes.PyCFuncPtrType 0x584148e17610>\n",
      "gc: collectable <tuple 0x736ef4a0f9c0>\n",
      "gc: collectable <getset_descriptor 0x736ef502ff00>\n",
      "gc: collectable <getset_descriptor 0x736ef502ffc0>\n",
      "gc: collectable <_FuncPtr 0x736ef581db50>\n",
      "gc: collectable <dict 0x736ef4bd9480>\n",
      "gc: collectable <_FuncPtr 0x736ef581dd90>\n",
      "gc: collectable <dict 0x736ef4bda480>\n",
      "gc: done, 11 unreachable, 0 uncollectable, 0.0001s elapsed\n",
      "gc: collecting generation 0...\n",
      "gc: objects in each generation: 572 600 460730\n",
      "gc: objects in permanent generation: 375\n",
      "gc: done, 0 unreachable, 0 uncollectable, 0.0000s elapsed\n",
      "gc: collecting generation 0...\n",
      "gc: objects in each generation: 569 1171 460730\n",
      "gc: objects in permanent generation: 375\n",
      "gc: done, 0 unreachable, 0 uncollectable, 0.0000s elapsed\n",
      "gc: collecting generation 0...\n",
      "gc: objects in each generation: 569 1739 460730\n",
      "gc: objects in permanent generation: 375\n",
      "gc: done, 0 unreachable, 0 uncollectable, 0.0001s elapsed\n",
      "gc: collecting generation 1...\n",
      "gc: objects in each generation: 569 2307 460730\n",
      "gc: objects in permanent generation: 375\n",
      "gc: done, 0 unreachable, 0 uncollectable, 0.0002s elapsed\n",
      "gc: collecting generation 0...\n",
      "gc: objects in each generation: 569 0 463591\n",
      "gc: objects in permanent generation: 375\n",
      "gc: done, 0 unreachable, 0 uncollectable, 0.0000s elapsed\n",
      "gc: collecting generation 0...\n",
      "gc: objects in each generation: 569 568 463591\n",
      "gc: objects in permanent generation: 375\n",
      "gc: done, 0 unreachable, 0 uncollectable, 0.0000s elapsed\n",
      "gc: collecting generation 0...\n",
      "gc: objects in each generation: 569 1136 463591\n",
      "gc: objects in permanent generation: 375\n",
      "gc: done, 0 unreachable, 0 uncollectable, 0.0000s elapsed\n",
      "gc: collecting generation 0...\n",
      "gc: objects in each generation: 569 1704 463591\n",
      "gc: objects in permanent generation: 375\n",
      "gc: done, 0 unreachable, 0 uncollectable, 0.0000s elapsed\n",
      "gc: collecting generation 0...\n",
      "gc: objects in each generation: 569 2272 463591\n",
      "gc: objects in permanent generation: 375\n",
      "gc: done, 0 unreachable, 0 uncollectable, 0.0000s elapsed\n",
      "gc: collecting generation 0...\n",
      "gc: objects in each generation: 630 2840 463575\n",
      "gc: objects in permanent generation: 375\n",
      "gc: done, 0 unreachable, 0 uncollectable, 0.0001s elapsed\n",
      "gc: collecting generation 0...\n",
      "gc: objects in each generation: 611 3459 463575\n",
      "gc: objects in permanent generation: 375\n",
      "gc: done, 0 unreachable, 0 uncollectable, 0.0000s elapsed\n",
      "gc: collecting generation 0...\n",
      "gc: objects in each generation: 598 4064 463575\n",
      "gc: objects in permanent generation: 375\n",
      "gc: done, 0 unreachable, 0 uncollectable, 0.0000s elapsed\n",
      "gc: collecting generation 0...\n",
      "gc: objects in each generation: 603 4659 463575\n",
      "gc: objects in permanent generation: 375\n",
      "gc: done, 0 unreachable, 0 uncollectable, 0.0000s elapsed\n",
      "gc: collecting generation 0...\n",
      "gc: objects in each generation: 603 5259 463575\n",
      "gc: objects in permanent generation: 375\n",
      "gc: done, 0 unreachable, 0 uncollectable, 0.0001s elapsed\n",
      "gc: collecting generation 0...\n",
      "gc: objects in each generation: 598 5856 463575\n",
      "gc: objects in permanent generation: 375\n",
      "gc: done, 0 unreachable, 0 uncollectable, 0.0001s elapsed\n",
      "gc: collecting generation 1...\n",
      "gc: objects in each generation: 603 6451 463575\n",
      "gc: objects in permanent generation: 375\n",
      "gc: done, 0 unreachable, 0 uncollectable, 0.0004s elapsed\n",
      "gc: collecting generation 0...\n",
      "gc: objects in each generation: 587 0 470626\n",
      "gc: objects in permanent generation: 375\n",
      "gc: done, 0 unreachable, 0 uncollectable, 0.0000s elapsed\n",
      "gc: collecting generation 0...\n",
      "gc: objects in each generation: 575 581 470626\n",
      "gc: objects in permanent generation: 375\n",
      "gc: done, 0 unreachable, 0 uncollectable, 0.0000s elapsed\n",
      "gc: collecting generation 0...\n",
      "gc: objects in each generation: 571 1153 470626\n",
      "gc: objects in permanent generation: 375\n",
      "gc: done, 0 unreachable, 0 uncollectable, 0.0000s elapsed\n",
      "gc: collecting generation 0...\n",
      "gc: objects in each generation: 579 1720 470626\n",
      "gc: objects in permanent generation: 375\n",
      "gc: done, 0 unreachable, 0 uncollectable, 0.0000s elapsed\n",
      "gc: collecting generation 0...\n",
      "gc: objects in each generation: 575 2293 470626\n",
      "gc: objects in permanent generation: 375\n",
      "gc: done, 0 unreachable, 0 uncollectable, 0.0000s elapsed\n",
      "gc: collecting generation 0...\n",
      "gc: objects in each generation: 570 2887 470616\n",
      "gc: objects in permanent generation: 375\n",
      "gc: done, 0 unreachable, 0 uncollectable, 0.0000s elapsed\n",
      "gc: collecting generation 0...\n",
      "gc: objects in each generation: 579 3454 470616\n",
      "gc: objects in permanent generation: 375\n",
      "gc: done, 0 unreachable, 0 uncollectable, 0.0000s elapsed\n",
      "gc: collecting generation 0...\n",
      "gc: objects in each generation: 593 4008 470612\n",
      "gc: objects in permanent generation: 375\n",
      "gc: done, 0 unreachable, 0 uncollectable, 0.0001s elapsed\n",
      "gc: collecting generation 0...\n",
      "gc: objects in each generation: 580 4597 470612\n",
      "gc: objects in permanent generation: 375\n",
      "gc: done, 0 unreachable, 0 uncollectable, 0.0000s elapsed\n",
      "gc: collecting generation 0...\n",
      "gc: objects in each generation: 575 5171 470612\n",
      "gc: objects in permanent generation: 375\n",
      "gc: done, 0 unreachable, 0 uncollectable, 0.0000s elapsed\n",
      "gc: collecting generation 0...\n",
      "gc: objects in each generation: 571 5743 470612\n",
      "gc: objects in permanent generation: 375\n",
      "gc: done, 0 unreachable, 0 uncollectable, 0.0000s elapsed\n",
      "gc: collecting generation 1...\n",
      "gc: objects in each generation: 579 6310 470612\n",
      "gc: objects in permanent generation: 375\n",
      "gc: done, 0 unreachable, 0 uncollectable, 0.0003s elapsed\n",
      "gc: collecting generation 0...\n",
      "gc: objects in each generation: 575 0 477495\n",
      "gc: objects in permanent generation: 375\n",
      "gc: done, 0 unreachable, 0 uncollectable, 0.0000s elapsed\n",
      "gc: collecting generation 0...\n",
      "gc: objects in each generation: 571 572 477495\n",
      "gc: objects in permanent generation: 375\n",
      "gc: done, 0 unreachable, 0 uncollectable, 0.0000s elapsed\n",
      "gc: collecting generation 0...\n",
      "gc: objects in each generation: 579 1139 477495\n",
      "gc: objects in permanent generation: 375\n",
      "gc: done, 0 unreachable, 0 uncollectable, 0.0000s elapsed\n",
      "gc: collecting generation 0...\n",
      "gc: objects in each generation: 575 1712 477495\n",
      "gc: objects in permanent generation: 375\n",
      "gc: done, 0 unreachable, 0 uncollectable, 0.0001s elapsed\n",
      "gc: collecting generation 0...\n",
      "gc: objects in each generation: 585 2287 477485\n",
      "gc: objects in permanent generation: 375\n",
      "gc: done, 0 unreachable, 0 uncollectable, 0.0000s elapsed\n",
      "gc: collecting generation 0...\n",
      "gc: objects in each generation: 571 2869 477485\n",
      "gc: objects in permanent generation: 375\n",
      "gc: done, 0 unreachable, 0 uncollectable, 0.0000s elapsed\n",
      "gc: collecting generation 0...\n",
      "gc: objects in each generation: 579 3437 477485\n",
      "gc: objects in permanent generation: 375\n",
      "gc: done, 0 unreachable, 0 uncollectable, 0.0000s elapsed\n",
      "gc: collecting generation 0...\n",
      "gc: objects in each generation: 575 4010 477485\n",
      "gc: objects in permanent generation: 375\n",
      "gc: done, 0 unreachable, 0 uncollectable, 0.0000s elapsed\n",
      "gc: collecting generation 0...\n",
      "gc: objects in each generation: 571 4582 477485\n",
      "gc: objects in permanent generation: 375\n",
      "gc: done, 0 unreachable, 0 uncollectable, 0.0000s elapsed\n",
      "gc: collecting generation 0...\n",
      "gc: objects in each generation: 583 5149 477481\n",
      "gc: objects in permanent generation: 375\n",
      "gc: done, 0 unreachable, 0 uncollectable, 0.0001s elapsed\n",
      "gc: collecting generation 0...\n",
      "gc: objects in each generation: 575 5726 477481\n",
      "gc: objects in permanent generation: 375\n",
      "gc: done, 0 unreachable, 0 uncollectable, 0.0000s elapsed\n",
      "gc: collecting generation 1...\n",
      "gc: objects in each generation: 571 6298 477481\n",
      "gc: objects in permanent generation: 375\n",
      "gc: done, 0 unreachable, 0 uncollectable, 0.0004s elapsed\n",
      "gc: collecting generation 0...\n",
      "gc: objects in each generation: 581 0 484343\n",
      "gc: objects in permanent generation: 375\n",
      "gc: done, 0 unreachable, 0 uncollectable, 0.0000s elapsed\n",
      "gc: collecting generation 0...\n",
      "gc: objects in each generation: 579 578 484342\n",
      "gc: objects in permanent generation: 375\n",
      "gc: done, 0 unreachable, 0 uncollectable, 0.0000s elapsed\n",
      "gc: collecting generation 0...\n",
      "gc: objects in each generation: 579 1156 484339\n",
      "gc: objects in permanent generation: 375\n",
      "gc: done, 0 unreachable, 0 uncollectable, 0.0000s elapsed\n",
      "gc: collecting generation 0...\n",
      "gc: objects in each generation: 573 1733 484339\n",
      "gc: objects in permanent generation: 375\n",
      "gc: done, 0 unreachable, 0 uncollectable, 0.0000s elapsed\n",
      "gc: collecting generation 0...\n",
      "gc: objects in each generation: 571 2303 484339\n",
      "gc: objects in permanent generation: 375\n",
      "gc: done, 0 unreachable, 0 uncollectable, 0.0000s elapsed\n",
      "gc: collecting generation 0...\n",
      "gc: objects in each generation: 579 2871 484339\n",
      "gc: objects in permanent generation: 375\n",
      "gc: done, 0 unreachable, 0 uncollectable, 0.0000s elapsed\n",
      "gc: collecting generation 0...\n",
      "gc: objects in each generation: 575 3444 484339\n",
      "gc: objects in permanent generation: 375\n",
      "gc: done, 0 unreachable, 0 uncollectable, 0.0000s elapsed\n",
      "gc: collecting generation 0...\n",
      "gc: objects in each generation: 571 4016 484339\n",
      "gc: objects in permanent generation: 375\n",
      "gc: done, 0 unreachable, 0 uncollectable, 0.0000s elapsed\n",
      "gc: collecting generation 0...\n",
      "gc: objects in each generation: 579 4583 484339\n",
      "gc: objects in permanent generation: 375\n",
      "gc: done, 0 unreachable, 0 uncollectable, 0.0000s elapsed\n",
      "gc: collecting generation 0...\n",
      "gc: objects in each generation: 922 5156 478581\n",
      "gc: objects in permanent generation: 375\n",
      "gc: done, 0 unreachable, 0 uncollectable, 0.0001s elapsed\n",
      "gc: collecting generation 0...\n",
      "gc: objects in each generation: 711 6086 478581\n",
      "gc: objects in permanent generation: 375\n",
      "gc: done, 0 unreachable, 0 uncollectable, 0.0001s elapsed\n",
      "gc: collecting generation 1...\n",
      "gc: objects in each generation: 725 6831 478578\n",
      "gc: objects in permanent generation: 375\n",
      "gc: done, 0 unreachable, 0 uncollectable, 0.0004s elapsed\n",
      "gc: collecting generation 0...\n",
      "gc: objects in each generation: 718 0 486134\n",
      "gc: objects in permanent generation: 375\n",
      "gc: done, 0 unreachable, 0 uncollectable, 0.0000s elapsed\n",
      "gc: collecting generation 0...\n",
      "gc: objects in each generation: 710 734 486121\n",
      "gc: objects in permanent generation: 375\n",
      "gc: done, 0 unreachable, 0 uncollectable, 0.0000s elapsed\n",
      "gc: collecting generation 0...\n",
      "gc: objects in each generation: 712 1465 486105\n",
      "gc: objects in permanent generation: 375\n",
      "gc: done, 0 unreachable, 0 uncollectable, 0.0000s elapsed\n",
      "gc: collecting generation 0...\n",
      "gc: objects in each generation: 710 2173 486105\n",
      "gc: objects in permanent generation: 375\n",
      "gc: done, 0 unreachable, 0 uncollectable, 0.0000s elapsed\n",
      "gc: collecting generation 0...\n",
      "gc: objects in each generation: 712 2883 486105\n",
      "gc: objects in permanent generation: 375\n",
      "gc: done, 0 unreachable, 0 uncollectable, 0.0000s elapsed\n",
      "gc: collecting generation 0...\n",
      "gc: objects in each generation: 711 3601 486105\n",
      "gc: objects in permanent generation: 375\n",
      "gc: done, 0 unreachable, 0 uncollectable, 0.0000s elapsed\n",
      "gc: collecting generation 0...\n",
      "gc: objects in each generation: 719 4309 486105\n",
      "gc: objects in permanent generation: 375\n",
      "gc: done, 0 unreachable, 0 uncollectable, 0.0000s elapsed\n",
      "gc: collecting generation 0...\n",
      "gc: objects in each generation: 713 5024 486105\n",
      "gc: objects in permanent generation: 375\n",
      "gc: done, 0 unreachable, 0 uncollectable, 0.0000s elapsed\n",
      "gc: collecting generation 0...\n",
      "gc: objects in each generation: 717 5757 486104\n",
      "gc: objects in permanent generation: 375\n",
      "gc: done, 0 unreachable, 0 uncollectable, 0.0000s elapsed\n",
      "gc: collecting generation 0...\n",
      "gc: objects in each generation: 710 6469 486095\n",
      "gc: objects in permanent generation: 375\n",
      "gc: done, 0 unreachable, 0 uncollectable, 0.0000s elapsed\n",
      "gc: collecting generation 0...\n",
      "gc: objects in each generation: 712 7175 486095\n",
      "gc: objects in permanent generation: 375\n",
      "gc: done, 0 unreachable, 0 uncollectable, 0.0000s elapsed\n",
      "gc: collecting generation 1...\n",
      "gc: objects in each generation: 709 7884 486095\n",
      "gc: objects in permanent generation: 375\n",
      "gc: done, 0 unreachable, 0 uncollectable, 0.0003s elapsed\n",
      "gc: collecting generation 0...\n",
      "gc: objects in each generation: 716 0 494681\n",
      "gc: objects in permanent generation: 375\n",
      "gc: done, 0 unreachable, 0 uncollectable, 0.0000s elapsed\n",
      "gc: collecting generation 0...\n",
      "gc: objects in each generation: 710 711 494681\n",
      "gc: objects in permanent generation: 375\n",
      "gc: done, 0 unreachable, 0 uncollectable, 0.0000s elapsed\n",
      "gc: collecting generation 0...\n",
      "gc: objects in each generation: 712 1417 494681\n",
      "gc: objects in permanent generation: 375\n",
      "gc: done, 0 unreachable, 0 uncollectable, 0.0000s elapsed\n",
      "gc: collecting generation 0...\n",
      "gc: objects in each generation: 712 2147 494658\n",
      "gc: objects in permanent generation: 375\n",
      "gc: done, 0 unreachable, 0 uncollectable, 0.0000s elapsed\n",
      "gc: collecting generation 0...\n",
      "gc: objects in each generation: 714 2854 494658\n",
      "gc: objects in permanent generation: 375\n",
      "gc: done, 0 unreachable, 0 uncollectable, 0.0000s elapsed\n",
      "gc: collecting generation 0...\n",
      "gc: objects in each generation: 709 3567 494658\n",
      "gc: objects in permanent generation: 375\n",
      "gc: done, 0 unreachable, 0 uncollectable, 0.0000s elapsed\n",
      "gc: collecting generation 0...\n",
      "gc: objects in each generation: 713 4272 494658\n",
      "gc: objects in permanent generation: 375\n",
      "gc: done, 0 unreachable, 0 uncollectable, 0.0000s elapsed\n",
      "gc: collecting generation 0...\n",
      "gc: objects in each generation: 710 5001 494645\n",
      "gc: objects in permanent generation: 375\n",
      "gc: done, 0 unreachable, 0 uncollectable, 0.0000s elapsed\n",
      "gc: collecting generation 0...\n",
      "gc: objects in each generation: 714 5706 494645\n",
      "gc: objects in permanent generation: 375\n",
      "gc: done, 0 unreachable, 0 uncollectable, 0.0000s elapsed\n",
      "gc: collecting generation 0...\n",
      "gc: objects in each generation: 718 6438 494645\n",
      "gc: objects in permanent generation: 375\n",
      "gc: done, 0 unreachable, 0 uncollectable, 0.0000s elapsed\n",
      "gc: collecting generation 0...\n",
      "gc: objects in each generation: 709 7205 494610\n",
      "gc: objects in permanent generation: 375\n",
      "gc: done, 0 unreachable, 0 uncollectable, 0.0000s elapsed\n",
      "gc: collecting generation 1...\n",
      "gc: objects in each generation: 721 7894 494610\n",
      "gc: objects in permanent generation: 375\n",
      "gc: done, 0 unreachable, 0 uncollectable, 0.0003s elapsed\n",
      "gc: collecting generation 0...\n",
      "gc: objects in each generation: 714 0 503221\n",
      "gc: objects in permanent generation: 375\n",
      "gc: done, 0 unreachable, 0 uncollectable, 0.0000s elapsed\n",
      "gc: collecting generation 0...\n",
      "gc: objects in each generation: 784 708 503173\n",
      "gc: objects in permanent generation: 375\n",
      "gc: done, 0 unreachable, 0 uncollectable, 0.0001s elapsed\n",
      "Processing series:   0%|                                                                                                        | 0/1428 [00:00<?, ?it/s]gc: collecting generation 0...\n",
      "gc: objects in each generation: 963 1121 502836\n",
      "gc: objects in permanent generation: 375\n",
      "gc: done, 0 unreachable, 0 uncollectable, 0.0001s elapsed\n",
      "gc: collecting generation 0...\n",
      "gc: objects in each generation: 992 1325 502642\n",
      "gc: objects in permanent generation: 375\n",
      "gc: done, 0 unreachable, 0 uncollectable, 0.0001s elapsed\n",
      "gc: collecting generation 0...\n",
      "gc: objects in each generation: 966 1570 502458\n",
      "gc: objects in permanent generation: 375\n",
      "gc: done, 0 unreachable, 0 uncollectable, 0.0000s elapsed\n",
      "gc: collecting generation 0...\n",
      "gc: objects in each generation: 951 1791 502290\n",
      "gc: objects in permanent generation: 375\n",
      "gc: done, 0 unreachable, 0 uncollectable, 0.0000s elapsed\n",
      "Processing series:   5%|â–ˆâ–ˆâ–ˆâ–ˆâ–Ž                                                                                         | 66/1428 [00:00<00:02, 577.52it/s]gc: collecting generation 0...\n",
      "gc: objects in each generation: 878 1991 502196\n",
      "gc: objects in permanent generation: 375\n",
      "gc: done, 0 unreachable, 0 uncollectable, 0.0000s elapsed\n",
      "gc: collecting generation 0...\n",
      "gc: objects in each generation: 1013 2204 501918\n",
      "gc: objects in permanent generation: 375\n",
      "gc: done, 0 unreachable, 0 uncollectable, 0.0001s elapsed\n",
      "gc: collecting generation 0...\n",
      "gc: objects in each generation: 950 2462 501754\n",
      "gc: objects in permanent generation: 375\n",
      "gc: done, 0 unreachable, 0 uncollectable, 0.0001s elapsed\n",
      "gc: collecting generation 0...\n",
      "gc: objects in each generation: 978 2626 501568\n",
      "gc: objects in permanent generation: 375\n",
      "gc: done, 0 unreachable, 0 uncollectable, 0.0001s elapsed\n",
      "Processing series:   9%|â–ˆâ–ˆâ–ˆâ–ˆâ–ˆâ–ˆâ–ˆâ–ˆ                                                                                     | 124/1428 [00:00<00:02, 538.82it/s]gc: collecting generation 0...\n",
      "gc: objects in each generation: 960 2897 501368\n",
      "gc: objects in permanent generation: 375\n",
      "gc: done, 0 unreachable, 0 uncollectable, 0.0001s elapsed\n",
      "gc: collecting generation 1...\n",
      "gc: objects in each generation: 937 3166 501214\n",
      "gc: objects in permanent generation: 375\n",
      "gc: done, 0 unreachable, 0 uncollectable, 0.0003s elapsed\n",
      "gc: collecting generation 0...\n",
      "gc: objects in each generation: 953 0 504349\n",
      "gc: objects in permanent generation: 375\n",
      "gc: done, 0 unreachable, 0 uncollectable, 0.0001s elapsed\n",
      "gc: collecting generation 0...\n",
      "gc: objects in each generation: 790 234 504325\n",
      "gc: objects in permanent generation: 375\n",
      "gc: done, 0 unreachable, 0 uncollectable, 0.0000s elapsed\n",
      "Processing series:  12%|â–ˆâ–ˆâ–ˆâ–ˆâ–ˆâ–ˆâ–ˆâ–ˆâ–ˆâ–ˆâ–ˆâ–Œ                                                                                 | 178/1428 [00:00<00:02, 506.15it/s]gc: collecting generation 0...\n",
      "gc: objects in each generation: 945 424 504009\n",
      "gc: objects in permanent generation: 375\n",
      "gc: done, 0 unreachable, 0 uncollectable, 0.0001s elapsed\n",
      "gc: collecting generation 0...\n",
      "gc: objects in each generation: 870 628 503903\n",
      "gc: objects in permanent generation: 375\n",
      "gc: done, 0 unreachable, 0 uncollectable, 0.0000s elapsed\n",
      "gc: collecting generation 0...\n",
      "gc: objects in each generation: 860 832 503769\n",
      "gc: objects in permanent generation: 375\n",
      "gc: done, 0 unreachable, 0 uncollectable, 0.0001s elapsed\n",
      "gc: collecting generation 0...\n",
      "gc: objects in each generation: 1049 1031 503535\n",
      "gc: objects in permanent generation: 375\n",
      "gc: done, 0 unreachable, 0 uncollectable, 0.0001s elapsed\n",
      "Processing series:  16%|â–ˆâ–ˆâ–ˆâ–ˆâ–ˆâ–ˆâ–ˆâ–ˆâ–ˆâ–ˆâ–ˆâ–ˆâ–ˆâ–ˆâ–‰                                                                              | 229/1428 [00:00<00:02, 477.39it/s]gc: collecting generation 0...\n",
      "gc: objects in each generation: 1073 1236 503319\n",
      "gc: objects in permanent generation: 375\n",
      "gc: done, 0 unreachable, 0 uncollectable, 0.0001s elapsed\n",
      "gc: collecting generation 0...\n",
      "gc: objects in each generation: 860 1547 503125\n",
      "gc: objects in permanent generation: 375\n",
      "gc: done, 0 unreachable, 0 uncollectable, 0.0000s elapsed\n",
      "gc: collecting generation 0...\n",
      "gc: objects in each generation: 951 1734 502919\n",
      "gc: objects in permanent generation: 375\n",
      "gc: done, 0 unreachable, 0 uncollectable, 0.0001s elapsed\n",
      "gc: collecting generation 0...\n",
      "Processing series:  20%|â–ˆâ–ˆâ–ˆâ–ˆâ–ˆâ–ˆâ–ˆâ–ˆâ–ˆâ–ˆâ–ˆâ–ˆâ–ˆâ–ˆâ–ˆâ–ˆâ–ˆâ–ˆâ–Ž                                                                          | 281/1428 [00:00<00:02, 461.54it/s]gc: objects in each generation: 1010 1998 502613\n",
      "gc: objects in permanent generation: 375\n",
      "gc: done, 0 unreachable, 0 uncollectable, 0.0001s elapsed\n",
      "gc: collecting generation 0...\n",
      "gc: objects in each generation: 961 2490 502273\n",
      "gc: objects in permanent generation: 375\n",
      "gc: done, 0 unreachable, 0 uncollectable, 0.0001s elapsed\n",
      "gc: collecting generation 1...\n",
      "gc: objects in each generation: 807 2762 502251\n",
      "gc: objects in permanent generation: 375\n",
      "gc: done, 0 unreachable, 0 uncollectable, 0.0003s elapsed\n",
      "gc: collecting generation 0...\n",
      "gc: objects in each generation: 933 0 504999\n",
      "gc: objects in permanent generation: 375\n",
      "gc: done, 0 unreachable, 0 uncollectable, 0.0001s elapsed\n",
      "gc: collecting generation 0...\n",
      "gc: objects in each generation: 923 276 504663\n",
      "gc: objects in permanent generation: 375\n",
      "gc: done, 0 unreachable, 0 uncollectable, 0.0001s elapsed\n",
      "Processing series:  24%|â–ˆâ–ˆâ–ˆâ–ˆâ–ˆâ–ˆâ–ˆâ–ˆâ–ˆâ–ˆâ–ˆâ–ˆâ–ˆâ–ˆâ–ˆâ–ˆâ–ˆâ–ˆâ–ˆâ–ˆâ–ˆâ–ˆâ–                                                                      | 344/1428 [00:00<00:02, 479.01it/s]gc: collecting generation 0...\n",
      "gc: objects in each generation: 959 482 504497\n",
      "gc: objects in permanent generation: 375\n",
      "gc: done, 0 unreachable, 0 uncollectable, 0.0001s elapsed\n",
      "gc: collecting generation 0...\n",
      "gc: objects in each generation: 895 673 504341\n",
      "gc: objects in permanent generation: 375\n",
      "gc: done, 0 unreachable, 0 uncollectable, 0.0001s elapsed\n",
      "gc: collecting generation 0...\n",
      "gc: objects in each generation: 930 889 504205\n",
      "gc: objects in permanent generation: 375\n",
      "gc: done, 0 unreachable, 0 uncollectable, 0.0001s elapsed\n",
      "gc: collecting generation 0...\n",
      "gc: objects in each generation: 1269 1073 503669\n",
      "gc: objects in permanent generation: 375\n",
      "gc: done, 0 unreachable, 0 uncollectable, 0.0001s elapsed\n",
      "Processing series:  29%|â–ˆâ–ˆâ–ˆâ–ˆâ–ˆâ–ˆâ–ˆâ–ˆâ–ˆâ–ˆâ–ˆâ–ˆâ–ˆâ–ˆâ–ˆâ–ˆâ–ˆâ–ˆâ–ˆâ–ˆâ–ˆâ–ˆâ–ˆâ–ˆâ–ˆâ–ˆâ–‰                                                                  | 414/1428 [00:00<00:01, 526.43it/s]gc: collecting generation 0...\n",
      "gc: objects in each generation: 1039 1656 503481\n",
      "gc: objects in permanent generation: 375\n",
      "gc: done, 0 unreachable, 0 uncollectable, 0.0001s elapsed\n",
      "gc: collecting generation 0...\n",
      "gc: objects in each generation: 2863 1939 501447\n",
      "gc: objects in permanent generation: 375\n",
      "gc: done, 0 unreachable, 0 uncollectable, 0.0001s elapsed\n",
      "gc: collecting generation 0...\n",
      "gc: objects in each generation: 1514 4414 500619\n",
      "gc: objects in permanent generation: 375\n",
      "gc: done, 0 unreachable, 0 uncollectable, 0.0001s elapsed\n",
      "Processing series:  44%|â–ˆâ–ˆâ–ˆâ–ˆâ–ˆâ–ˆâ–ˆâ–ˆâ–ˆâ–ˆâ–ˆâ–ˆâ–ˆâ–ˆâ–ˆâ–ˆâ–ˆâ–ˆâ–ˆâ–ˆâ–ˆâ–ˆâ–ˆâ–ˆâ–ˆâ–ˆâ–ˆâ–ˆâ–ˆâ–ˆâ–ˆâ–ˆâ–ˆâ–ˆâ–ˆâ–ˆâ–ˆâ–ˆâ–ˆâ–ˆâ–ˆ                                                    | 631/1428 [00:00<00:00, 926.27it/s]gc: collecting generation 0...\n",
      "gc: objects in each generation: 973 5465 500395\n",
      "gc: objects in permanent generation: 375\n",
      "gc: done, 0 unreachable, 0 uncollectable, 0.0001s elapsed\n",
      "gc: collecting generation 0...\n",
      "gc: objects in each generation: 860 5730 500261\n",
      "gc: objects in permanent generation: 375\n",
      "gc: done, 0 unreachable, 0 uncollectable, 0.0001s elapsed\n",
      "gc: collecting generation 1...\n",
      "gc: objects in each generation: 1060 5933 499957\n",
      "gc: objects in permanent generation: 375\n",
      "gc: done, 0 unreachable, 0 uncollectable, 0.0006s elapsed\n",
      "gc: collecting generation 0...\n",
      "gc: objects in each generation: 934 0 505947\n",
      "gc: objects in permanent generation: 375\n",
      "gc: done, 0 unreachable, 0 uncollectable, 0.0000s elapsed\n",
      "gc: collecting generation 0...\n",
      "gc: objects in each generation: 954 228 505775\n",
      "gc: objects in permanent generation: 375\n",
      "gc: done, 0 unreachable, 0 uncollectable, 0.0000s elapsed\n",
      "Processing series:  51%|â–ˆâ–ˆâ–ˆâ–ˆâ–ˆâ–ˆâ–ˆâ–ˆâ–ˆâ–ˆâ–ˆâ–ˆâ–ˆâ–ˆâ–ˆâ–ˆâ–ˆâ–ˆâ–ˆâ–ˆâ–ˆâ–ˆâ–ˆâ–ˆâ–ˆâ–ˆâ–ˆâ–ˆâ–ˆâ–ˆâ–ˆâ–ˆâ–ˆâ–ˆâ–ˆâ–ˆâ–ˆâ–ˆâ–ˆâ–ˆâ–ˆâ–ˆâ–ˆâ–ˆâ–ˆâ–ˆâ–ˆ                                              | 722/1428 [00:01<00:00, 809.23it/s]gc: collecting generation 0...\n",
      "gc: objects in each generation: 1095 516 505496\n",
      "gc: objects in permanent generation: 375\n",
      "gc: done, 0 unreachable, 0 uncollectable, 0.0001s elapsed\n",
      "gc: collecting generation 0...\n",
      "gc: objects in each generation: 954 804 505292\n",
      "gc: objects in permanent generation: 375\n",
      "gc: done, 0 unreachable, 0 uncollectable, 0.0001s elapsed\n",
      "gc: collecting generation 0...\n",
      "gc: objects in each generation: 926 1099 505062\n",
      "gc: objects in permanent generation: 375\n",
      "gc: done, 0 unreachable, 0 uncollectable, 0.0001s elapsed\n",
      "gc: collecting generation 0...\n",
      "gc: objects in each generation: 957 1340 504840\n",
      "gc: objects in permanent generation: 375\n",
      "gc: done, 0 unreachable, 0 uncollectable, 0.0001s elapsed\n",
      "gc: collecting generation 0...\n",
      "gc: objects in each generation: 895 1583 504712\n",
      "gc: objects in permanent generation: 375\n",
      "gc: done, 0 unreachable, 0 uncollectable, 0.0001s elapsed\n",
      "gc: collecting generation 0...\n",
      "gc: objects in each generation: 871 1823 504516\n",
      "gc: objects in permanent generation: 375\n",
      "gc: done, 0 unreachable, 0 uncollectable, 0.0001s elapsed\n",
      "Processing series:  56%|â–ˆâ–ˆâ–ˆâ–ˆâ–ˆâ–ˆâ–ˆâ–ˆâ–ˆâ–ˆâ–ˆâ–ˆâ–ˆâ–ˆâ–ˆâ–ˆâ–ˆâ–ˆâ–ˆâ–ˆâ–ˆâ–ˆâ–ˆâ–ˆâ–ˆâ–ˆâ–ˆâ–ˆâ–ˆâ–ˆâ–ˆâ–ˆâ–ˆâ–ˆâ–ˆâ–ˆâ–ˆâ–ˆâ–ˆâ–ˆâ–ˆâ–ˆâ–ˆâ–ˆâ–ˆâ–ˆâ–ˆâ–ˆâ–ˆâ–ˆâ–ˆâ–ˆâ–Ž                                        | 804/1428 [00:01<00:00, 677.18it/s]gc: collecting generation 0...\n",
      "gc: objects in each generation: 893 2047 504290\n",
      "gc: objects in permanent generation: 375\n",
      "gc: done, 0 unreachable, 0 uncollectable, 0.0001s elapsed\n",
      "gc: collecting generation 0...\n",
      "gc: objects in each generation: 871 2244 504180\n",
      "gc: objects in permanent generation: 375\n",
      "gc: done, 0 unreachable, 0 uncollectable, 0.0001s elapsed\n",
      "gc: collecting generation 0...\n",
      "gc: objects in each generation: 902 2490 503936\n",
      "gc: objects in permanent generation: 375\n",
      "gc: done, 0 unreachable, 0 uncollectable, 0.0000s elapsed\n",
      "gc: collecting generation 1...\n",
      "gc: objects in each generation: 1084 2688 503714\n",
      "gc: objects in permanent generation: 375\n",
      "gc: done, 0 unreachable, 0 uncollectable, 0.0008s elapsed\n",
      "gc: collecting generation 0...\n",
      "gc: objects in each generation: 875 0 506521\n",
      "gc: objects in permanent generation: 375\n",
      "gc: done, 0 unreachable, 0 uncollectable, 0.0000s elapsed\n",
      "gc: collecting generation 0...\n",
      "gc: objects in each generation: 759 199 506491\n",
      "gc: objects in permanent generation: 375\n",
      "gc: done, 0 unreachable, 0 uncollectable, 0.0000s elapsed\n",
      "Processing series:  61%|â–ˆâ–ˆâ–ˆâ–ˆâ–ˆâ–ˆâ–ˆâ–ˆâ–ˆâ–ˆâ–ˆâ–ˆâ–ˆâ–ˆâ–ˆâ–ˆâ–ˆâ–ˆâ–ˆâ–ˆâ–ˆâ–ˆâ–ˆâ–ˆâ–ˆâ–ˆâ–ˆâ–ˆâ–ˆâ–ˆâ–ˆâ–ˆâ–ˆâ–ˆâ–ˆâ–ˆâ–ˆâ–ˆâ–ˆâ–ˆâ–ˆâ–ˆâ–ˆâ–ˆâ–ˆâ–ˆâ–ˆâ–ˆâ–ˆâ–ˆâ–ˆâ–ˆâ–ˆâ–ˆâ–ˆâ–ˆâ–‰                                    | 875/1428 [00:01<00:00, 580.44it/s]gc: collecting generation 0...\n",
      "gc: objects in each generation: 976 323 506257\n",
      "gc: objects in permanent generation: 375\n",
      "gc: done, 0 unreachable, 0 uncollectable, 0.0001s elapsed\n",
      "gc: collecting generation 0...\n",
      "gc: objects in each generation: 962 566 506047\n",
      "gc: objects in permanent generation: 375\n",
      "gc: done, 0 unreachable, 0 uncollectable, 0.0001s elapsed\n",
      "gc: collecting generation 0...\n",
      "gc: objects in each generation: 916 763 505869\n",
      "gc: objects in permanent generation: 375\n",
      "gc: done, 0 unreachable, 0 uncollectable, 0.0000s elapsed\n",
      "gc: collecting generation 0...\n",
      "gc: objects in each generation: 911 952 505699\n",
      "gc: objects in permanent generation: 375\n",
      "gc: done, 0 unreachable, 0 uncollectable, 0.0001s elapsed\n",
      "gc: collecting generation 0...\n",
      "gc: objects in each generation: 909 1129 505587\n",
      "gc: objects in permanent generation: 375\n",
      "gc: done, 0 unreachable, 0 uncollectable, 0.0001s elapsed\n",
      "gc: collecting generation 0...\n",
      "gc: objects in each generation: 950 1315 505391\n",
      "gc: objects in permanent generation: 375\n",
      "gc: done, 0 unreachable, 0 uncollectable, 0.0001s elapsed\n",
      "Processing series:  66%|â–ˆâ–ˆâ–ˆâ–ˆâ–ˆâ–ˆâ–ˆâ–ˆâ–ˆâ–ˆâ–ˆâ–ˆâ–ˆâ–ˆâ–ˆâ–ˆâ–ˆâ–ˆâ–ˆâ–ˆâ–ˆâ–ˆâ–ˆâ–ˆâ–ˆâ–ˆâ–ˆâ–ˆâ–ˆâ–ˆâ–ˆâ–ˆâ–ˆâ–ˆâ–ˆâ–ˆâ–ˆâ–ˆâ–ˆâ–ˆâ–ˆâ–ˆâ–ˆâ–ˆâ–ˆâ–ˆâ–ˆâ–ˆâ–ˆâ–ˆâ–ˆâ–ˆâ–ˆâ–ˆâ–ˆâ–ˆâ–ˆâ–ˆâ–ˆâ–ˆâ–ˆ                                | 937/1428 [00:01<00:01, 481.72it/s]gc: collecting generation 0...\n",
      "gc: objects in each generation: 918 1525 505285\n",
      "gc: objects in permanent generation: 375\n",
      "gc: done, 0 unreachable, 0 uncollectable, 0.0000s elapsed\n",
      "gc: collecting generation 0...\n",
      "gc: objects in each generation: 1078 1724 505063\n",
      "gc: objects in permanent generation: 375\n",
      "gc: done, 0 unreachable, 0 uncollectable, 0.0001s elapsed\n",
      "gc: collecting generation 0...\n",
      "gc: objects in each generation: 1017 1945 504847\n",
      "gc: objects in permanent generation: 375\n",
      "gc: done, 0 unreachable, 0 uncollectable, 0.0001s elapsed\n",
      "gc: collecting generation 1...\n",
      "gc: objects in each generation: 778 2176 504829\n",
      "gc: objects in permanent generation: 375\n",
      "gc: done, 0 unreachable, 0 uncollectable, 0.0003s elapsed\n",
      "gc: collecting generation 0...\n",
      "gc: objects in each generation: 817 0 507014\n",
      "gc: objects in permanent generation: 375\n",
      "gc: done, 0 unreachable, 0 uncollectable, 0.0000s elapsed\n",
      "Processing series:  69%|â–ˆâ–ˆâ–ˆâ–ˆâ–ˆâ–ˆâ–ˆâ–ˆâ–ˆâ–ˆâ–ˆâ–ˆâ–ˆâ–ˆâ–ˆâ–ˆâ–ˆâ–ˆâ–ˆâ–ˆâ–ˆâ–ˆâ–ˆâ–ˆâ–ˆâ–ˆâ–ˆâ–ˆâ–ˆâ–ˆâ–ˆâ–ˆâ–ˆâ–ˆâ–ˆâ–ˆâ–ˆâ–ˆâ–ˆâ–ˆâ–ˆâ–ˆâ–ˆâ–ˆâ–ˆâ–ˆâ–ˆâ–ˆâ–ˆâ–ˆâ–ˆâ–ˆâ–ˆâ–ˆâ–ˆâ–ˆâ–ˆâ–ˆâ–ˆâ–ˆâ–ˆâ–ˆâ–ˆâ–ˆâ–                            | 989/1428 [00:01<00:01, 430.44it/s]gc: collecting generation 0...\n",
      "gc: objects in each generation: 830 177 506977\n",
      "gc: objects in permanent generation: 375\n",
      "gc: done, 0 unreachable, 0 uncollectable, 0.0001s elapsed\n",
      "gc: collecting generation 0...\n",
      "gc: objects in each generation: 1043 345 506628\n",
      "gc: objects in permanent generation: 375\n",
      "gc: done, 0 unreachable, 0 uncollectable, 0.0000s elapsed\n",
      "gc: collecting generation 0...\n",
      "gc: objects in each generation: 887 532 506516\n",
      "gc: objects in permanent generation: 375\n",
      "gc: done, 0 unreachable, 0 uncollectable, 0.0001s elapsed\n",
      "gc: collecting generation 0...\n",
      "gc: objects in each generation: 943 753 506250\n",
      "gc: objects in permanent generation: 375\n",
      "gc: done, 0 unreachable, 0 uncollectable, 0.0001s elapsed\n",
      "Processing series:  73%|â–ˆâ–ˆâ–ˆâ–ˆâ–ˆâ–ˆâ–ˆâ–ˆâ–ˆâ–ˆâ–ˆâ–ˆâ–ˆâ–ˆâ–ˆâ–ˆâ–ˆâ–ˆâ–ˆâ–ˆâ–ˆâ–ˆâ–ˆâ–ˆâ–ˆâ–ˆâ–ˆâ–ˆâ–ˆâ–ˆâ–ˆâ–ˆâ–ˆâ–ˆâ–ˆâ–ˆâ–ˆâ–ˆâ–ˆâ–ˆâ–ˆâ–ˆâ–ˆâ–ˆâ–ˆâ–ˆâ–ˆâ–ˆâ–ˆâ–ˆâ–ˆâ–ˆâ–ˆâ–ˆâ–ˆâ–ˆâ–ˆâ–ˆâ–ˆâ–ˆâ–ˆâ–ˆâ–ˆâ–ˆâ–ˆâ–ˆâ–ˆâ–                        | 1043/1428 [00:01<00:00, 435.41it/s]gc: collecting generation 0...\n",
      "gc: objects in each generation: 894 987 506116\n",
      "gc: objects in permanent generation: 375\n",
      "gc: done, 0 unreachable, 0 uncollectable, 0.0001s elapsed\n",
      "gc: collecting generation 0...\n",
      "gc: objects in each generation: 951 1179 505940\n",
      "gc: objects in permanent generation: 375\n",
      "gc: done, 0 unreachable, 0 uncollectable, 0.0001s elapsed\n",
      "gc: collecting generation 0...\n",
      "gc: objects in each generation: 890 1353 505812\n",
      "gc: objects in permanent generation: 375\n",
      "gc: done, 0 unreachable, 0 uncollectable, 0.0001s elapsed\n",
      "gc: collecting generation 0...\n",
      "gc: objects in each generation: 846 1532 505792\n",
      "gc: objects in permanent generation: 375\n",
      "gc: done, 0 unreachable, 0 uncollectable, 0.0000s elapsed\n",
      "gc: collecting generation 0...\n",
      "gc: objects in each generation: 950 1703 505588\n",
      "gc: objects in permanent generation: 375\n",
      "gc: done, 0 unreachable, 0 uncollectable, 0.0000s elapsed\n",
      "gc: collecting generation 0...\n",
      "gc: objects in each generation: 827 1896 505570\n",
      "gc: objects in permanent generation: 375\n",
      "gc: done, 0 unreachable, 0 uncollectable, 0.0001s elapsed\n",
      "Processing series:  76%|â–ˆâ–ˆâ–ˆâ–ˆâ–ˆâ–ˆâ–ˆâ–ˆâ–ˆâ–ˆâ–ˆâ–ˆâ–ˆâ–ˆâ–ˆâ–ˆâ–ˆâ–ˆâ–ˆâ–ˆâ–ˆâ–ˆâ–ˆâ–ˆâ–ˆâ–ˆâ–ˆâ–ˆâ–ˆâ–ˆâ–ˆâ–ˆâ–ˆâ–ˆâ–ˆâ–ˆâ–ˆâ–ˆâ–ˆâ–ˆâ–ˆâ–ˆâ–ˆâ–ˆâ–ˆâ–ˆâ–ˆâ–ˆâ–ˆâ–ˆâ–ˆâ–ˆâ–ˆâ–ˆâ–ˆâ–ˆâ–ˆâ–ˆâ–ˆâ–ˆâ–ˆâ–ˆâ–ˆâ–ˆâ–ˆâ–ˆâ–ˆâ–ˆâ–ˆâ–ˆâ–                     | 1089/1428 [00:02<00:00, 385.94it/s]gc: collecting generation 1...\n",
      "gc: objects in each generation: 1110 2070 505182\n",
      "gc: objects in permanent generation: 375\n",
      "gc: done, 0 unreachable, 0 uncollectable, 0.0003s elapsed\n",
      "gc: collecting generation 0...\n",
      "gc: objects in each generation: 884 0 507365\n",
      "gc: objects in permanent generation: 375\n",
      "gc: done, 0 unreachable, 0 uncollectable, 0.0000s elapsed\n",
      "gc: collecting generation 0...\n",
      "gc: objects in each generation: 844 189 507241\n",
      "gc: objects in permanent generation: 375\n",
      "gc: done, 0 unreachable, 0 uncollectable, 0.0001s elapsed\n",
      "gc: collecting generation 0...\n",
      "gc: objects in each generation: 915 383 507041\n",
      "gc: objects in permanent generation: 375\n",
      "gc: done, 0 unreachable, 0 uncollectable, 0.0000s elapsed\n",
      "Processing series:  80%|â–ˆâ–ˆâ–ˆâ–ˆâ–ˆâ–ˆâ–ˆâ–ˆâ–ˆâ–ˆâ–ˆâ–ˆâ–ˆâ–ˆâ–ˆâ–ˆâ–ˆâ–ˆâ–ˆâ–ˆâ–ˆâ–ˆâ–ˆâ–ˆâ–ˆâ–ˆâ–ˆâ–ˆâ–ˆâ–ˆâ–ˆâ–ˆâ–ˆâ–ˆâ–ˆâ–ˆâ–ˆâ–ˆâ–ˆâ–ˆâ–ˆâ–ˆâ–ˆâ–ˆâ–ˆâ–ˆâ–ˆâ–ˆâ–ˆâ–ˆâ–ˆâ–ˆâ–ˆâ–ˆâ–ˆâ–ˆâ–ˆâ–ˆâ–ˆâ–ˆâ–ˆâ–ˆâ–ˆâ–ˆâ–ˆâ–ˆâ–ˆâ–ˆâ–ˆâ–ˆâ–ˆâ–ˆâ–ˆâ–‰                  | 1148/1428 [00:02<00:00, 414.33it/s]gc: collecting generation 0...\n",
      "gc: objects in each generation: 1010 577 506903\n",
      "gc: objects in permanent generation: 375\n",
      "gc: done, 0 unreachable, 0 uncollectable, 0.0001s elapsed\n",
      "gc: collecting generation 0...\n",
      "gc: objects in each generation: 1006 810 506613\n",
      "gc: objects in permanent generation: 375\n",
      "gc: done, 0 unreachable, 0 uncollectable, 0.0001s elapsed\n",
      "gc: collecting generation 0...\n",
      "gc: objects in each generation: 810 1014 506581\n",
      "gc: objects in permanent generation: 375\n",
      "gc: done, 0 unreachable, 0 uncollectable, 0.0001s elapsed\n",
      "gc: collecting generation 0...\n",
      "gc: objects in each generation: 913 1190 506329\n",
      "gc: objects in permanent generation: 375\n",
      "gc: done, 0 unreachable, 0 uncollectable, 0.0001s elapsed\n",
      "Processing series:  84%|â–ˆâ–ˆâ–ˆâ–ˆâ–ˆâ–ˆâ–ˆâ–ˆâ–ˆâ–ˆâ–ˆâ–ˆâ–ˆâ–ˆâ–ˆâ–ˆâ–ˆâ–ˆâ–ˆâ–ˆâ–ˆâ–ˆâ–ˆâ–ˆâ–ˆâ–ˆâ–ˆâ–ˆâ–ˆâ–ˆâ–ˆâ–ˆâ–ˆâ–ˆâ–ˆâ–ˆâ–ˆâ–ˆâ–ˆâ–ˆâ–ˆâ–ˆâ–ˆâ–ˆâ–ˆâ–ˆâ–ˆâ–ˆâ–ˆâ–ˆâ–ˆâ–ˆâ–ˆâ–ˆâ–ˆâ–ˆâ–ˆâ–ˆâ–ˆâ–ˆâ–ˆâ–ˆâ–ˆâ–ˆâ–ˆâ–ˆâ–ˆâ–ˆâ–ˆâ–ˆâ–ˆâ–ˆâ–ˆâ–ˆâ–ˆâ–ˆâ–ˆâ–              | 1198/1428 [00:02<00:00, 412.67it/s]gc: collecting generation 0...\n",
      "gc: objects in each generation: 980 1389 506143\n",
      "gc: objects in permanent generation: 375\n",
      "gc: done, 0 unreachable, 0 uncollectable, 0.0001s elapsed\n",
      "gc: collecting generation 0...\n",
      "gc: objects in each generation: 913 1603 506007\n",
      "gc: objects in permanent generation: 375\n",
      "gc: done, 0 unreachable, 0 uncollectable, 0.0001s elapsed\n",
      "gc: collecting generation 0...\n",
      "gc: objects in each generation: 1057 1849 505773\n",
      "gc: objects in permanent generation: 375\n",
      "gc: done, 0 unreachable, 0 uncollectable, 0.0001s elapsed\n",
      "Processing series:  87%|â–ˆâ–ˆâ–ˆâ–ˆâ–ˆâ–ˆâ–ˆâ–ˆâ–ˆâ–ˆâ–ˆâ–ˆâ–ˆâ–ˆâ–ˆâ–ˆâ–ˆâ–ˆâ–ˆâ–ˆâ–ˆâ–ˆâ–ˆâ–ˆâ–ˆâ–ˆâ–ˆâ–ˆâ–ˆâ–ˆâ–ˆâ–ˆâ–ˆâ–ˆâ–ˆâ–ˆâ–ˆâ–ˆâ–ˆâ–ˆâ–ˆâ–ˆâ–ˆâ–ˆâ–ˆâ–ˆâ–ˆâ–ˆâ–ˆâ–ˆâ–ˆâ–ˆâ–ˆâ–ˆâ–ˆâ–ˆâ–ˆâ–ˆâ–ˆâ–ˆâ–ˆâ–ˆâ–ˆâ–ˆâ–ˆâ–ˆâ–ˆâ–ˆâ–ˆâ–ˆâ–ˆâ–ˆâ–ˆâ–ˆâ–ˆâ–ˆâ–ˆâ–ˆâ–ˆâ–ˆâ–           | 1248/1428 [00:02<00:00, 432.61it/s]gc: collecting generation 0...\n",
      "gc: objects in each generation: 978 2087 505605\n",
      "gc: objects in permanent generation: 375\n",
      "gc: done, 0 unreachable, 0 uncollectable, 0.0001s elapsed\n",
      "gc: collecting generation 1...\n",
      "gc: objects in each generation: 963 2297 505461\n",
      "gc: objects in permanent generation: 375\n",
      "gc: done, 0 unreachable, 0 uncollectable, 0.0003s elapsed\n",
      "gc: collecting generation 0...\n",
      "gc: objects in each generation: 943 0 507798\n",
      "gc: objects in permanent generation: 375\n",
      "gc: done, 0 unreachable, 0 uncollectable, 0.0000s elapsed\n",
      "gc: collecting generation 0...\n",
      "gc: objects in each generation: 1021 207 507546\n",
      "gc: objects in permanent generation: 375\n",
      "gc: done, 0 unreachable, 0 uncollectable, 0.0001s elapsed\n",
      "Processing series:  91%|â–ˆâ–ˆâ–ˆâ–ˆâ–ˆâ–ˆâ–ˆâ–ˆâ–ˆâ–ˆâ–ˆâ–ˆâ–ˆâ–ˆâ–ˆâ–ˆâ–ˆâ–ˆâ–ˆâ–ˆâ–ˆâ–ˆâ–ˆâ–ˆâ–ˆâ–ˆâ–ˆâ–ˆâ–ˆâ–ˆâ–ˆâ–ˆâ–ˆâ–ˆâ–ˆâ–ˆâ–ˆâ–ˆâ–ˆâ–ˆâ–ˆâ–ˆâ–ˆâ–ˆâ–ˆâ–ˆâ–ˆâ–ˆâ–ˆâ–ˆâ–ˆâ–ˆâ–ˆâ–ˆâ–ˆâ–ˆâ–ˆâ–ˆâ–ˆâ–ˆâ–ˆâ–ˆâ–ˆâ–ˆâ–ˆâ–ˆâ–ˆâ–ˆâ–ˆâ–ˆâ–ˆâ–ˆâ–ˆâ–ˆâ–ˆâ–ˆâ–ˆâ–ˆâ–ˆâ–ˆâ–ˆâ–ˆâ–ˆâ–Ž        | 1293/1428 [00:02<00:00, 424.16it/s]gc: collecting generation 0...\n",
      "gc: objects in each generation: 984 447 507344\n",
      "gc: objects in permanent generation: 375\n",
      "gc: done, 0 unreachable, 0 uncollectable, 0.0001s elapsed\n",
      "gc: collecting generation 0...\n",
      "gc: objects in each generation: 973 701 507116\n",
      "gc: objects in permanent generation: 375\n",
      "gc: done, 0 unreachable, 0 uncollectable, 0.0000s elapsed\n",
      "gc: collecting generation 0...\n",
      "gc: objects in each generation: 980 942 506940\n",
      "gc: objects in permanent generation: 375\n",
      "gc: done, 0 unreachable, 0 uncollectable, 0.0001s elapsed\n",
      "gc: collecting generation 0...\n",
      "gc: objects in each generation: 992 1163 506746\n",
      "gc: objects in permanent generation: 375\n",
      "gc: done, 0 unreachable, 0 uncollectable, 0.0001s elapsed\n",
      "Processing series:  94%|â–ˆâ–ˆâ–ˆâ–ˆâ–ˆâ–ˆâ–ˆâ–ˆâ–ˆâ–ˆâ–ˆâ–ˆâ–ˆâ–ˆâ–ˆâ–ˆâ–ˆâ–ˆâ–ˆâ–ˆâ–ˆâ–ˆâ–ˆâ–ˆâ–ˆâ–ˆâ–ˆâ–ˆâ–ˆâ–ˆâ–ˆâ–ˆâ–ˆâ–ˆâ–ˆâ–ˆâ–ˆâ–ˆâ–ˆâ–ˆâ–ˆâ–ˆâ–ˆâ–ˆâ–ˆâ–ˆâ–ˆâ–ˆâ–ˆâ–ˆâ–ˆâ–ˆâ–ˆâ–ˆâ–ˆâ–ˆâ–ˆâ–ˆâ–ˆâ–ˆâ–ˆâ–ˆâ–ˆâ–ˆâ–ˆâ–ˆâ–ˆâ–ˆâ–ˆâ–ˆâ–ˆâ–ˆâ–ˆâ–ˆâ–ˆâ–ˆâ–ˆâ–ˆâ–ˆâ–ˆâ–ˆâ–ˆâ–ˆâ–ˆâ–ˆâ–ˆâ–‹     | 1345/1428 [00:02<00:00, 428.11it/s]gc: collecting generation 0...\n",
      "gc: objects in each generation: 1056 1390 506598\n",
      "gc: objects in permanent generation: 375\n",
      "gc: done, 0 unreachable, 0 uncollectable, 0.0001s elapsed\n",
      "gc: collecting generation 0...\n",
      "gc: objects in each generation: 944 1649 506382\n",
      "gc: objects in permanent generation: 375\n",
      "gc: done, 0 unreachable, 0 uncollectable, 0.0000s elapsed\n",
      "gc: collecting generation 0...\n",
      "gc: objects in each generation: 948 1847 506214\n",
      "gc: objects in permanent generation: 375\n",
      "gc: done, 0 unreachable, 0 uncollectable, 0.0001s elapsed\n",
      "gc: collecting generation 0...\n",
      "gc: objects in each generation: 908 2076 506042\n",
      "gc: objects in permanent generation: 375\n",
      "gc: done, 0 unreachable, 0 uncollectable, 0.0001s elapsed\n",
      "Processing series:  98%|â–ˆâ–ˆâ–ˆâ–ˆâ–ˆâ–ˆâ–ˆâ–ˆâ–ˆâ–ˆâ–ˆâ–ˆâ–ˆâ–ˆâ–ˆâ–ˆâ–ˆâ–ˆâ–ˆâ–ˆâ–ˆâ–ˆâ–ˆâ–ˆâ–ˆâ–ˆâ–ˆâ–ˆâ–ˆâ–ˆâ–ˆâ–ˆâ–ˆâ–ˆâ–ˆâ–ˆâ–ˆâ–ˆâ–ˆâ–ˆâ–ˆâ–ˆâ–ˆâ–ˆâ–ˆâ–ˆâ–ˆâ–ˆâ–ˆâ–ˆâ–ˆâ–ˆâ–ˆâ–ˆâ–ˆâ–ˆâ–ˆâ–ˆâ–ˆâ–ˆâ–ˆâ–ˆâ–ˆâ–ˆâ–ˆâ–ˆâ–ˆâ–ˆâ–ˆâ–ˆâ–ˆâ–ˆâ–ˆâ–ˆâ–ˆâ–ˆâ–ˆâ–ˆâ–ˆâ–ˆâ–ˆâ–ˆâ–ˆâ–ˆâ–ˆâ–ˆâ–ˆâ–ˆâ–ˆâ–Š  | 1394/1428 [00:02<00:00, 423.27it/s]gc: collecting generation 0...\n",
      "gc: objects in each generation: 954 2279 505924\n",
      "gc: objects in permanent generation: 375\n",
      "gc: done, 0 unreachable, 0 uncollectable, 0.0001s elapsed\n",
      "gc: collecting generation 1...\n",
      "gc: objects in each generation: 919 2489 505756\n",
      "gc: objects in permanent generation: 375\n",
      "gc: done, 0 unreachable, 0 uncollectable, 0.0003s elapsed\n",
      "Processing series: 100%|â–ˆâ–ˆâ–ˆâ–ˆâ–ˆâ–ˆâ–ˆâ–ˆâ–ˆâ–ˆâ–ˆâ–ˆâ–ˆâ–ˆâ–ˆâ–ˆâ–ˆâ–ˆâ–ˆâ–ˆâ–ˆâ–ˆâ–ˆâ–ˆâ–ˆâ–ˆâ–ˆâ–ˆâ–ˆâ–ˆâ–ˆâ–ˆâ–ˆâ–ˆâ–ˆâ–ˆâ–ˆâ–ˆâ–ˆâ–ˆâ–ˆâ–ˆâ–ˆâ–ˆâ–ˆâ–ˆâ–ˆâ–ˆâ–ˆâ–ˆâ–ˆâ–ˆâ–ˆâ–ˆâ–ˆâ–ˆâ–ˆâ–ˆâ–ˆâ–ˆâ–ˆâ–ˆâ–ˆâ–ˆâ–ˆâ–ˆâ–ˆâ–ˆâ–ˆâ–ˆâ–ˆâ–ˆâ–ˆâ–ˆâ–ˆâ–ˆâ–ˆâ–ˆâ–ˆâ–ˆâ–ˆâ–ˆâ–ˆâ–ˆâ–ˆâ–ˆâ–ˆâ–ˆâ–ˆâ–ˆâ–ˆâ–ˆ| 1428/1428 [00:02<00:00, 501.07it/s]\n",
      "gc: collecting generation 2...\n",
      "gc: objects in each generation: 42 0 461076\n",
      "gc: objects in permanent generation: 375\n",
      "gc: collectable <type 0x584148807eb0>\n",
      "gc: collectable <tuple 0x736ef5c3cc40>\n",
      "gc: collectable <dict 0x736ef5c1e2c0>\n",
      "gc: collectable <function 0x736ef65f20c0>\n",
      "gc: collectable <function 0x736ef65f2160>\n",
      "gc: collectable <function 0x73707ffb9620>\n",
      "gc: collectable <function 0x737038fc5c60>\n",
      "gc: collectable <function 0x737038fc5da0>\n",
      "gc: collectable <function 0x737038fc5440>\n",
      "gc: collectable <function 0x737038fc5b20>\n",
      "gc: collectable <getset_descriptor 0x736ef5dd9080>\n",
      "gc: collectable <getset_descriptor 0x736ef5ddb7c0>\n",
      "gc: collectable <type 0x584148807740>\n",
      "gc: collectable <tuple 0x736ef5f2bdd0>\n",
      "gc: collectable <dict 0x736ef5c11880>\n",
      "gc: collectable <tuple 0x736ef65fead0>\n",
      "gc: collectable <function 0x737038fc5bc0>\n",
      "gc: collectable <function 0x737038fc5760>\n",
      "gc: collectable <function 0x737038fc5e40>\n",
      "gc: collectable <function 0x737038fc5620>\n",
      "gc: collectable <function 0x737038fc56c0>\n",
      "gc: collectable <function 0x73707fffbb00>\n",
      "gc: collectable <function 0x73707fffb880>\n",
      "gc: collectable <function 0x73707fffb060>\n",
      "gc: collectable <function 0x73707fffb1a0>\n",
      "gc: collectable <tuple 0x736ef5f8ed40>\n",
      "gc: collectable <tuple 0x736ef5dffec0>\n",
      "gc: collectable <cell 0x736ef5da5d50>\n",
      "gc: done, 28 unreachable, 0 uncollectable, 0.1253s elapsed\n",
      "gc: collecting generation 0...\n"
     ]
    },
    {
     "name": "stdout",
     "output_type": "stream",
     "text": [
      "CPU times: user 6.12 s, sys: 224 ms, total: 6.34 s\n",
      "Wall time: 6.19 s\n"
     ]
    },
    {
     "name": "stderr",
     "output_type": "stream",
     "text": [
      "gc: objects in each generation: 677 0 461093\n",
      "gc: objects in permanent generation: 375\n",
      "gc: collectable <list 0x73707fe3d380>\n",
      "gc: collectable <dict 0x73707fe51140>\n",
      "gc: collectable <frame 0x736ef5a85d40>\n",
      "gc: collectable <CDLL 0x736ef5d4ad20>\n",
      "gc: collectable <tuple 0x737038f96470>\n",
      "gc: collectable <StgDict 0x736ef58c7c60>\n",
      "gc: collectable <_ctypes.PyCFuncPtrType 0x584148eb1f30>\n",
      "gc: collectable <tuple 0x7370a0db1bc0>\n",
      "gc: collectable <getset_descriptor 0x736ef5c31c80>\n",
      "gc: collectable <getset_descriptor 0x736ef5c304c0>\n",
      "gc: collectable <_FuncPtr 0x736ef581d610>\n",
      "gc: collectable <dict 0x736ef59f3400>\n",
      "gc: collectable <_FuncPtr 0x736ef581d190>\n",
      "gc: collectable <dict 0x736ef66e4500>\n",
      "gc: collectable <frame 0x736ef5899540>\n",
      "gc: collectable <frame 0x736ef8e9f450>\n",
      "gc: collectable <tuple 0x736ef502d640>\n",
      "gc: collectable <frame 0x736ef5ab92d0>\n",
      "gc: done, 18 unreachable, 0 uncollectable, 0.0001s elapsed\n"
     ]
    }
   ],
   "source": [
    "%%time\n",
    "# Example usage\n",
    "## Data loading and preprocessing df.columns - unique_id,ds,y\n",
    "from datasetsforecast.m3 import M3\n",
    "\n",
    "# from ts.preprocess.dataloader import TSPreprocessor, UnivariateTSDataModule\n",
    "\n",
    "df = M3().load(\"../data\", group=\"Monthly\")[0]\n",
    "df.sort_values([\"unique_id\", \"ds\"], inplace=True)\n",
    "\n",
    "horizon = 12  # <-- FORECAST HORIZON\n",
    "input_size = horizon * 5\n",
    "import gc\n",
    "\n",
    "import torch\n",
    "\n",
    "from ts.preprocess.dataloader import TSPreprocessor, UnivariateTSDataModule\n",
    "\n",
    "batch_size = 512\n",
    "num_workers = 24\n",
    "step_size = 1\n",
    "\n",
    "# Initialize preprocessor\n",
    "preprocessor = TSPreprocessor(\n",
    "    df=df,\n",
    "    input_size=input_size,\n",
    "    horizon=horizon,\n",
    "    target_col=\"y\",\n",
    "    train_split=0.7,\n",
    "    val_split=0.15,\n",
    "    normalize=True,\n",
    "    scaler_type=\"minmax\",\n",
    "    split_type=\"vertical\",\n",
    "    step_size=step_size,\n",
    "    cache_dir=\".\",\n",
    "    use_cache=False,\n",
    "    persist_scaler=True,\n",
    "    experiment_name=\"my_experiment\",\n",
    ")\n",
    "# Initialize DataModule\n",
    "ds = UnivariateTSDataModule(\n",
    "    preprocessor=preprocessor,\n",
    "    batch_size=batch_size,\n",
    "    num_workers=num_workers,\n",
    "    pin_memory=True,\n",
    "    prefetch_factor=2,\n",
    "    persistent_workers=True,\n",
    "    gpu_preload=False,\n",
    ")"
   ]
  },
  {
   "cell_type": "code",
   "execution_count": null,
   "id": "7e4dc2e3-1fa5-4385-abda-0a588f4d117b",
   "metadata": {},
   "outputs": [],
   "source": []
  }
 ],
 "metadata": {
  "kernelspec": {
   "display_name": "Python 3 (ipykernel)",
   "language": "python",
   "name": "python3"
  },
  "language_info": {
   "codemirror_mode": {
    "name": "ipython",
    "version": 3
   },
   "file_extension": ".py",
   "mimetype": "text/x-python",
   "name": "python",
   "nbconvert_exporter": "python",
   "pygments_lexer": "ipython3",
   "version": "3.12.9"
  }
 },
 "nbformat": 4,
 "nbformat_minor": 5
}
